start: disk usage on /l:
+ df -h /l
Filesystem      Size  Used Avail Use% Mounted on
/dev/nvme2n1p1  880G  466G  369G  56% /
+ export ANT_HOME=/usr/local/src/apache-ant-1.9.5
+ ANT_HOME=/usr/local/src/apache-ant-1.9.5
+ export JAVA_HOME=/usr/lib/jvm/java-25-openjdk
+ JAVA_HOME=/usr/lib/jvm/java-25-openjdk
+ export GRADLE_HOME=/usr/local/src/gradle-2.9
+ GRADLE_HOME=/usr/local/src/gradle-2.9
+ export PATH=/usr/local/src/apache-ant-1.9.5/bin:/usr/lib/jvm/java-25-openjdk/bin:/usr/local/src/gradle-2.9/bin:/usr/local/sbin:/usr/local/bin:/usr/sbin:/usr/bin:/sbin:/bin:/usr/games
+ PATH=/usr/local/src/apache-ant-1.9.5/bin:/usr/lib/jvm/java-25-openjdk/bin:/usr/local/src/gradle-2.9/bin:/usr/local/sbin:/usr/local/bin:/usr/sbin:/usr/bin:/sbin:/bin:/usr/games
++ date
+ echo -e '\n\nTue Feb  3 06:00:08 PM EST 2026: now start nightly benchmarks'


Tue Feb  3 06:00:08 PM EST 2026: now start nightly benchmarks
+ pkill java
+ pkill mencoder
+ true
+ cd /l/trunk.nightly/lucene
+ git checkout main
Already on 'main'
Your branch is up to date with 'origin/main'.
+ git pull origin main
  took 0:36:50.277922 to run KnnGraphTester
removing KNN indices dir /l/util.nightly/knn-reuse/indices
From https://gitbox.apache.org/repos/asf/lucene
 * branch                    main       -> FETCH_HEAD
   7ebdb9316e5..ca88182f528  main       -> origin/main
Updating 7ebdb9316e5..ca88182f528
Fast-forward
 lucene/CHANGES.txt                                 |  3 +
 .../org/apache/lucene/codecs/KnnVectorsWriter.java | 36 +++++++---
 .../src/java/org/apache/lucene/util/Version.java   |  1 +
 .../lucene/codecs/TestMergedVectorValues.java      | 84 ++++++++++++++++++++++
 4 files changed, 116 insertions(+), 8 deletions(-)
 create mode 100644 lucene/core/src/test/org/apache/lucene/codecs/TestMergedVectorValues.java
+ ../gradlew clean
Starting a Gradle Daemon (subsequent builds will be faster)
> Task :build-infra:compileJava UP-TO-DATE
> Task :build-infra:pluginDescriptors UP-TO-DATE
> Task :build-infra:processResources UP-TO-DATE
> Task :build-infra:classes UP-TO-DATE
> Task :build-infra:jar UP-TO-DATE
The eclint tool location is not set ('lucene.tool.eclint' option), will not apply eclint checks.
The eclint tool location is not set ('lucene.tool.eclint' option), will not apply eclint checks.
> Task :lucene:clean UP-TO-DATE
> Task :lucene:classification:clean
> Task :lucene:demo:clean
> Task :lucene:analysis:clean UP-TO-DATE
> Task :lucene:analysis.tests:clean
> Task :lucene:core.tests:clean
> Task :lucene:distribution:clean UP-TO-DATE
> Task :lucene:documentation:clean UP-TO-DATE
> Task :lucene:distribution.tests:clean
> Task :lucene:benchmark:clean
> Task :lucene:expressions:clean
> Task :lucene:memory:clean
> Task :lucene:codecs:clean
> Task :lucene:grouping:clean
> Task :lucene:join:clean
> Task :lucene:replicator:clean
> Task :lucene:highlighter:clean
> Task :lucene:misc:clean
> Task :lucene:facet:clean
> Task :lucene:monitor:clean
> Task :lucene:spatial-test-fixtures:clean
> Task :lucene:benchmark-jmh:clean
> Task :lucene:backward-codecs:clean
> Task :lucene:luke:clean
> Task :lucene:suggest:clean
> Task :lucene:spatial-extras:clean
> Task :lucene:spatial3d:clean
> Task :lucene:analysis:icu:clean
> Task :lucene:queries:clean
> Task :lucene:analysis:morfologik:clean
> Task :lucene:analysis:morfologik.tests:clean
> Task :lucene:sandbox:clean
> Task :lucene:queryparser:clean
> Task :lucene:analysis:opennlp:clean
> Task :lucene:analysis:phonetic:clean
> Task :lucene:analysis:smartcn:clean
> Task :lucene:analysis:stempel:clean
> Task :lucene:analysis:kuromoji:clean
> Task :lucene:analysis:nori:clean
> Task :lucene:test-framework:clean
> Task :lucene:analysis:common:clean
> Task :lucene:core:clean

BUILD SUCCESSFUL in 7s
46 actionable tasks: 38 executed, 8 up-to-date
Consider enabling configuration cache to speed up this build: https://docs.gradle.org/9.2.1/userguide/configuration_cache_enabling.html
+ ../gradlew jar
Nightly KNN benchy failed; ignoring:
Traceback (most recent call last):
  File "/l/util.nightly/src/python/nightlyBench.py", line 624, in run
    runNightlyKnn.run(runLogDir)
    ~~~~~~~~~~~~~~~~~^^^^^^^^^^^
  File "/l/util.nightly/src/python/runNightlyKnn.py", line 585, in run
    return _run(results_dir)
  File "/l/util.nightly/src/python/runNightlyKnn.py", line 773, in _run
    raise RuntimeError("could not find summary line in output!")
RuntimeError: could not find summary line in output!
[2026-02-03 18:00:21.318142] build medium index (fast)
remove pre-existing log file /l/logs.nightly/nightly.vmstat.log
remove pre-existing log file /l/logs.nightly/nightly.top.log
  /l/indices/wikimedium.trunk.nightly.Lucene104.nd27.625M: now create
    cd /l/trunk.nightly/lucene/benchmark
Traceback (most recent call last):
  File "/l/util.nightly/src/python/nightlyBench.py", line 2120, in <module>
    run()
    ~~~^^
  File "/l/util.nightly/src/python/nightlyBench.py", line 635, in run
    medIndexPath, medIndexTime, medBytesIndexed, atClose, profilerMediumIndex, profilerMediumJFR = buildIndex(r, runLogDir, "medium index (fast)", fastIndexMedium, "fastIndexMediumDocs.log")
                                                                                                   ~~~~~~~~~~^^^^^^^^^^^^^^^^^^^^^^^^^^^^^^^^^^^^^^^^^^^^^^^^^^^^^^^^^^^^^^^^^^^^^^^^^^^^^^^^^
  File "/l/util.nightly/src/python/nightlyBench.py", line 159, in buildIndex
    indexPath, fullLogFile, profilerResults, jfrFile = r.makeIndex("nightly", index, profilerCount=50, profilerStackSize=JFR_STACK_SIZES, useLogSubDir=False)
                                                       ~~~~~~~~~~~^^^^^^^^^^^^^^^^^^^^^^^^^^^^^^^^^^^^^^^^^^^^^^^^^^^^^^^^^^^^^^^^^^^^^^^^^^^^^^^^^^^^^^^^^^^
  File "/l/util.nightly/src/python/benchUtil.py", line 964, in makeIndex
    w("-classpath", classPathToString(getClassPath(index.checkout)))
                                      ~~~~~~~~~~~~^^^^^^^^^^^^^^^^
  File "/l/util.nightly/src/python/benchUtil.py", line 1751, in getClassPath
    for filename in os.listdir("%s/lucene/core/build/libs" % path):
                    ~~~~~~~~~~^^^^^^^^^^^^^^^^^^^^^^^^^^^^^^^^^^^^
FileNotFoundError: [Errno 2] No such file or directory: '/l/trunk.nightly/lucene/core/build/libs'
Traceback (most recent call last):
  File "/l/util.nightly/src/python/nightlyBench.py", line 2120, in <module>
    run()
    ~~~^^
  File "/l/util.nightly/src/python/nightlyBench.py", line 635, in run
    medIndexPath, medIndexTime, medBytesIndexed, atClose, profilerMediumIndex, profilerMediumJFR = buildIndex(r, runLogDir, "medium index (fast)", fastIndexMedium, "fastIndexMediumDocs.log")
                                                                                                   ~~~~~~~~~~^^^^^^^^^^^^^^^^^^^^^^^^^^^^^^^^^^^^^^^^^^^^^^^^^^^^^^^^^^^^^^^^^^^^^^^^^^^^^^^^^
  File "/l/util.nightly/src/python/nightlyBench.py", line 159, in buildIndex
    indexPath, fullLogFile, profilerResults, jfrFile = r.makeIndex("nightly", index, profilerCount=50, profilerStackSize=JFR_STACK_SIZES, useLogSubDir=False)
                                                       ~~~~~~~~~~~^^^^^^^^^^^^^^^^^^^^^^^^^^^^^^^^^^^^^^^^^^^^^^^^^^^^^^^^^^^^^^^^^^^^^^^^^^^^^^^^^^^^^^^^^^^
  File "/l/util.nightly/src/python/benchUtil.py", line 964, in makeIndex
    w("-classpath", classPathToString(getClassPath(index.checkout)))
                                      ~~~~~~~~~~~~^^^^^^^^^^^^^^^^
  File "/l/util.nightly/src/python/benchUtil.py", line 1751, in getClassPath
    for filename in os.listdir("%s/lucene/core/build/libs" % path):
                    ~~~~~~~~~~^^^^^^^^^^^^^^^^^^^^^^^^^^^^^^^^^^^^
FileNotFoundError: [Errno 2] No such file or directory: '/l/trunk.nightly/lucene/core/build/libs'

During handling of the above exception, another exception occurred:

Traceback (most recent call last):
  File "/l/util.nightly/src/python/nightlyBench.py", line 2127, in <module>
    sendEmail("mail@mikemccandless.com", "Nightly Lucene bench FAILED (%s)" % socket.gethostname(), "")
    ~~~~~~~~~^^^^^^^^^^^^^^^^^^^^^^^^^^^^^^^^^^^^^^^^^^^^^^^^^^^^^^^^^^^^^^^^^^^^^^^^^^^^^^^^^^^^^^^^^^
  File "/l/util.nightly/src/python/nightlyBench.py", line 2113, in sendEmail
    p = Popen(["/usr/sbin/sendmail", "-t"], stdin=PIPE)
  File "/usr/lib/python3.14/subprocess.py", line 1038, in __init__
    self._execute_child(args, executable, preexec_fn, close_fds,
    ~~~~~~~~~~~~~~~~~~~^^^^^^^^^^^^^^^^^^^^^^^^^^^^^^^^^^^^^^^^^
                        pass_fds, cwd, env,
                        ^^^^^^^^^^^^^^^^^^^
    ...<5 lines>...
                        gid, gids, uid, umask,
                        ^^^^^^^^^^^^^^^^^^^^^^
                        start_new_session, process_group)
                        ^^^^^^^^^^^^^^^^^^^^^^^^^^^^^^^^^
  File "/usr/lib/python3.14/subprocess.py", line 1874, in _execute_child
    self._posix_spawn(args, executable, env, restore_signals, close_fds,
    ~~~~~~~~~~~~~~~~~^^^^^^^^^^^^^^^^^^^^^^^^^^^^^^^^^^^^^^^^^^^^^^^^^^^
                      p2cread, p2cwrite,
                      ^^^^^^^^^^^^^^^^^^
                      c2pread, c2pwrite,
                      ^^^^^^^^^^^^^^^^^^
                      errread, errwrite)
                      ^^^^^^^^^^^^^^^^^^
  File "/usr/lib/python3.14/subprocess.py", line 1818, in _posix_spawn
    self.pid = os.posix_spawn(executable, args, env, **kwargs)
               ~~~~~~~~~~~~~~^^^^^^^^^^^^^^^^^^^^^^^^^^^^^^^^^
FileNotFoundError: [Errno 2] No such file or directory: '/usr/sbin/sendmail'
+ cd /l/util.nightly
+ rm -rf build
+ mkdir build
+ git pull origin main
From github.com:mikemccand/luceneutil
 * branch            main       -> FETCH_HEAD
Already up to date.
+ echo 'Run gradle test'
Run gradle test
+ /usr/bin/python3 -u /l/util.nightly/src/python/runNightlyGradleTestPrecommit.py
***USING BIG LINE FILE***
Using java from: /usr/lib/jvm/java-25-openjdk/bin/
  gradle test log: /l/logs.nightly/ant_test/2026.02.03.lucene-tests.txt
  took: 1.3 min
  gradle precommit log: /l/logs.nightly/ant_test/2026.02.03.precommit.txt
  took: 0.5 min
Traceback (most recent call last):
  File "/l/util.nightly/src/python/runNightlyGradleTestPrecommit.py", line 364, in <module>
    writeGraph()
    ~~~~~~~~~~^^
  File "/l/util.nightly/src/python/runNightlyGradleTestPrecommit.py", line 135, in writeGraph
    raise RuntimeError(f'could not understand log file "{LOGS_DIR}/{logFile}"')
RuntimeError: could not understand log file "/l/logs.nightly/ant_test/.#2026.02.03.lucene-tests.txt"
+ cp /l/logs.nightly/all.log /l/reports.nightly
