start: disk usage on /l:
+ df -h /l
Filesystem      Size  Used Avail Use% Mounted on
/dev/nvme0n1p1  880G  254G  581G  31% /
+ export ANT_HOME=/usr/local/src/apache-ant-1.9.5
+ ANT_HOME=/usr/local/src/apache-ant-1.9.5
+ export JAVA_HOME=/usr/lib/jvm/java-24-openjdk
+ JAVA_HOME=/usr/lib/jvm/java-24-openjdk
+ export GRADLE_HOME=/usr/local/src/gradle-2.9
+ GRADLE_HOME=/usr/local/src/gradle-2.9
+ export PATH=/usr/local/src/apache-ant-1.9.5/bin:/usr/lib/jvm/java-24-openjdk/bin:/usr/local/src/gradle-2.9/bin:/usr/local/sbin:/usr/local/bin:/usr/sbin:/usr/bin:/sbin:/bin:/usr/games
+ PATH=/usr/local/src/apache-ant-1.9.5/bin:/usr/lib/jvm/java-24-openjdk/bin:/usr/local/src/gradle-2.9/bin:/usr/local/sbin:/usr/local/bin:/usr/sbin:/usr/bin:/sbin:/bin:/usr/games
++ date
+ echo -e '\n\nThu Jul  3 06:00:05 PM EDT 2025: now start nightly benchmarks'


Thu Jul  3 06:00:05 PM EDT 2025: now start nightly benchmarks
+ pkill java
+ true
+ pkill mencoder
+ true
+ cd /l/trunk.nightly/lucene
+ git checkout main
Already on 'main'
Your branch is up to date with 'origin/main'.
+ git pull origin main
From https://gitbox.apache.org/repos/asf/lucene
 * branch                    main       -> FETCH_HEAD
   e1b2498b8c5..3f71b54c47a  main       -> origin/main
Updating e1b2498b8c5..3f71b54c47a
Fast-forward
 lucene/CHANGES.txt                                 |   7 +
 .../org/apache/lucene/index/MultiTermsEnum.java    |   7 +-
 .../apache/lucene/search/FieldValueHitQueue.java   | 150 +++++++++------------
 .../java/org/apache/lucene/search/HitQueue.java    |   4 +-
 .../java/org/apache/lucene/search/ScorerUtil.java  |  29 +++-
 .../src/java/org/apache/lucene/search/TopDocs.java |  26 ++--
 .../apache/lucene/search/TopFieldCollector.java    |   4 +-
 .../lucene/search/TopFieldCollectorManager.java    |   4 +-
 .../java/org/apache/lucene/util/PriorityQueue.java |  73 ++++------
 .../org/apache/lucene/search/TestScorerUtil.java   |  35 +++++
 .../org/apache/lucene/util/TestPriorityQueue.java  |  29 +---
 .../apache/lucene/facet/TopOrdAndNumberQueue.java  |   7 +-
 .../dialog/menubar/OpenIndexDialogFactory.java     |   6 +-
 .../lucene/search/spell/SuggestWordQueue.java      |  14 +-
 14 files changed, 188 insertions(+), 207 deletions(-)
+ ../gradlew clean
Starting a Gradle Daemon (subsequent builds will be faster)
> Task :build-infra:extractPluginRequests UP-TO-DATE
> Task :build-infra:generatePluginAdapters UP-TO-DATE
> Task :build-infra:compileJava UP-TO-DATE
> Task :build-infra:compileGroovy NO-SOURCE
> Task :build-infra:compileGroovyPlugins UP-TO-DATE
> Task :build-infra:pluginDescriptors UP-TO-DATE
> Task :build-infra:processResources UP-TO-DATE
> Task :build-infra:classes UP-TO-DATE
> Task :build-infra:jar UP-TO-DATE
> Task :lucene:core.tests:clean
> Task :lucene:analysis.tests:clean
> Task :lucene:demo:clean
> Task :lucene:classification:clean
> Task :lucene:analysis:clean UP-TO-DATE
> Task :lucene:build-tools:clean UP-TO-DATE
> Task :lucene:clean UP-TO-DATE
> Task :lucene:distribution:clean UP-TO-DATE
> Task :lucene:documentation:clean UP-TO-DATE
> Task :lucene:distribution.tests:clean
> Task :lucene:benchmark:clean
> Task :lucene:codecs:clean
> Task :lucene:benchmark-jmh:clean
> Task :lucene:memory:clean
> Task :lucene:grouping:clean
> Task :lucene:expressions:clean
> Task :lucene:misc:clean
> Task :lucene:replicator:clean
> Task :lucene:join:clean
> Task :lucene:monitor:clean
> Task :lucene:highlighter:clean
> Task :lucene:facet:clean
> Task :lucene:spatial-test-fixtures:clean
> Task :lucene:backward-codecs:clean
> Task :lucene:spatial-extras:clean
> Task :lucene:analysis:icu:clean
> Task :lucene:luke:clean
> Task :lucene:analysis:morfologik.tests:clean
> Task :lucene:sandbox:clean
> Task :lucene:spatial3d:clean
> Task :lucene:suggest:clean
> Task :lucene:analysis:morfologik:clean
> Task :lucene:queryparser:clean
> Task :lucene:build-tools:build-infra-shadow:clean
> Task :lucene:analysis:phonetic:clean
> Task :lucene:analysis:opennlp:clean
> Task :lucene:queries:clean
> Task :lucene:build-tools:missing-doclet:clean
> Task :lucene:analysis:stempel:clean
> Task :lucene:analysis:kuromoji:clean
> Task :lucene:analysis:smartcn:clean
> Task :lucene:analysis:nori:clean
> Task :lucene:test-framework:clean
> Task :lucene:analysis:common:clean
> Task :lucene:core:clean

[Incubating] Problems report is available at: file:///l/trunk.nightly/build/reports/problems/problems-report.html

BUILD SUCCESSFUL in 7s
52 actionable tasks: 40 executed, 12 up-to-date
+ ../gradlew jar
+ cd /l/util.nightly
+ rm -rf build
+ mkdir build
+ git pull origin main
From github.com:mikemccand/luceneutil
 * branch            main       -> FETCH_HEAD
Already up to date.
+ echo 'Run gradle test'
Run gradle test
+ /usr/bin/python3 -uO /l/util.nightly/src/python/runNightlyGradleTestPrecommit.py
***USING BIG LINE FILE***
Using java from: /usr/lib/jvm/java-24-openjdk/bin/
  gradle test log: /l/logs.nightly/ant_test/2025.07.03.lucene-tests.txt
  took: 1.8 min
  gradle precommit log: /l/logs.nightly/ant_test/2025.07.03.precommit.txt
  took: 1.2 min
+ echo 'Run lucene nightly'
Run lucene nightly
+ /usr/bin/python -uO /l/util.nightly/src/python/nightlyBench.py -run
***USING BIG LINE FILE***
Using java from: /usr/lib/jvm/java-24-openjdk/bin/
perf executable is /usr/sbin/perf; will collect aggregate CPU profiling data
GitHub pull request counts: 250 open, 3096 closed
Removing old JFR /l/logs.nightly/bench-search-nightly-nightly-14.jfr...
Removing old JFR /l/logs.nightly/bench-search-nightly-nightly-13.jfr...
Removing old JFR /l/logs.nightly/bench-search-nightly-nightly-5.jfr...
Removing old JFR /l/logs.nightly/bench-search-nightly-nightly-0.jfr...
Removing old JFR /l/logs.nightly/bench-search-nightly-nightly-17.jfr...
Removing old JFR /l/logs.nightly/bench-search-nightly-nightly-19.jfr...
Removing old JFR /l/logs.nightly/bench-search-nightly-nightly-16.jfr...
Removing old JFR /l/logs.nightly/bench-search-nightly-nightly-11.jfr...
Removing old JFR /l/logs.nightly/bench-search-nightly-nightly-8.jfr...
Removing old JFR /l/logs.nightly/bench-search-nightly-nightly-18.jfr...
Removing old JFR /l/logs.nightly/bench-search-nightly-nightly-1.jfr...
Removing old JFR /l/logs.nightly/bench-search-nightly-nightly-7.jfr...
Removing old JFR /l/logs.nightly/bench-search-nightly-nightly-9.jfr...
Removing old JFR /l/logs.nightly/bench-search-nightly-nightly-2.jfr...
Removing old JFR /l/logs.nightly/bench-search-nightly-nightly-3.jfr...
Removing old JFR /l/logs.nightly/bench-search-nightly-nightly-6.jfr...
Removing old JFR /l/logs.nightly/bench-search-nightly-nightly-12.jfr...
Removing old JFR /l/logs.nightly/bench-search-nightly-nightly-4.jfr...
Removing old JFR /l/logs.nightly/bench-search-nightly-nightly-10.jfr...
Removing old JFR /l/logs.nightly/bench-search-nightly-nightly-15.jfr...




[2025-07-03 18:04:54.280164] start
[2025-07-03 18:04:54.280282] log dir /l/logs.nightly/2025.07.03.18.04.54
openjdk full version "24.0.1"
WARNING: Using incubator modules: jdk.incubator.vector
openjdk version "24.0.1" 2025-04-15
OpenJDK Runtime Environment (build 24.0.1)
OpenJDK 64-Bit Server VM (build 24.0.1, mixed mode, sharing)
uname -a: Linux beast3.mikemccandless.com 6.15.2-arch1-1 #1 SMP PREEMPT_DYNAMIC Tue, 10 Jun 2025 21:32:33 +0000 x86_64 GNU/Linux
lsb_release -a:
LSB Version:	n/a
Distributor ID:	Arch
Description:	Arch Linux
Release:	rolling
Codename:	n/a
luceneutil rev is 522d3c377815686ea8a801d6735f68ae69d637d5
LUCENE rev is 3f71b54c47adecee6490d3c6c8f8041b062ebec6
last successfull Lucene rev e1b2498b8c59cbd4c7951411363c90ecc1bab500, luceneutil rev 522d3c377815686ea8a801d6735f68ae69d637d5
run ['git', 'log', 'e1b2498b8c59cbd4c7951411363c90ecc1bab500^..3f71b54c47adecee6490d3c6c8f8041b062ebec6']
No commit message asking for regold of results files
[2025-07-03 18:04:54.420660] RUN: git clean -xfd
Removing .gradle/
Removing build-tools/build-infra-shadow/build/
Removing build-tools/build-infra/.gradle/
Removing build-tools/build-infra/build/
Removing build-tools/missing-doclet/build/
Removing build/
Removing gradle.properties
Removing gradle/wrapper/gradle-wrapper.jar
Removing lucene/analysis.tests/build/
Removing lucene/analysis/build/
Removing lucene/analysis/common/build/
Removing lucene/analysis/icu/build/
Removing lucene/analysis/kuromoji/build/
Removing lucene/analysis/morfologik.tests/build/
Removing lucene/analysis/morfologik/build/
Removing lucene/analysis/nori/build/
Removing lucene/analysis/opennlp/build/
Removing lucene/analysis/phonetic/build/
Removing lucene/analysis/smartcn/build/
Removing lucene/analysis/stempel/build/
Removing lucene/backward-codecs/build/
Removing lucene/benchmark-jmh/build/
Removing lucene/benchmark/build/
Removing lucene/build-tools/
Removing lucene/build/
Removing lucene/classification/build/
Removing lucene/codecs/build/
Removing lucene/core.tests/build/
Removing lucene/core/build/
Removing lucene/demo/build/
Removing lucene/distribution.tests/build/
Removing lucene/distribution/build/
Removing lucene/documentation/build/
Removing lucene/expressions/build/
Removing lucene/facet/build/
Removing lucene/grouping/build/
Removing lucene/highlighter/build/
Removing lucene/join/build/
Removing lucene/luke/build/
Removing lucene/memory/build/
Removing lucene/misc/build/
Removing lucene/monitor/build/
Removing lucene/queries/build/
Removing lucene/queryparser/build/
Removing lucene/replicator/build/
Removing lucene/sandbox/build/
Removing lucene/spatial-extras/build/
Removing lucene/spatial-test-fixtures/build/
Removing lucene/spatial3d/build/
Removing lucene/suggest/build/
Removing lucene/test-framework/build/
[2025-07-03 18:04:54.953281]   took 0.5 sec
will NOT regold results files but rather compare to last good result files
Java command-line: /usr/lib/jvm/java-24-openjdk/bin/java --add-modules jdk.incubator.vector -Xmx32g -Xms32g -server -XX:+UseParallelGC -Djava.io.tmpdir=/l/tmp
transparent_hugepages: [always] madvise never

[2025-07-03 18:04:54.953384] RUN: /l/trunk.nightly/gradlew clean > /l/logs.nightly/2025.07.03.18.04.54/clean-lucene.log 2>&1
[2025-07-03 18:05:11.210694]   took 16.3 sec
[2025-07-03 18:05:11.210740] RUN: /l/trunk.nightly/gradlew jar > /l/logs.nightly/2025.07.03.18.04.54/jar-lucene.log 2>&1
[2025-07-03 18:05:25.141198]   took 13.9 sec

JAVA:
WARNING: Using incubator modules: jdk.incubator.vector
openjdk version "24.0.1" 2025-04-15
OpenJDK Runtime Environment (build 24.0.1)
OpenJDK 64-Bit Server VM (build 24.0.1, mixed mode, sharing)


OS:
Linux beast3.mikemccandless.com 6.15.2-arch1-1 #1 SMP PREEMPT_DYNAMIC Tue, 10 Jun 2025 21:32:33 +0000 x86_64 GNU/Linux


LOGS:
/l/logs.nightly
Using checkout:[/l/trunk.nightly] for competitor:[nightly]
compile lucene:core...
    run: ['/l/trunk.nightly/gradlew', 'lucene:core:jar'], cwd=/l/trunk.nightly
  /l/trunk.nightly/lucene/benchmark
files ['/l/util.nightly/src/main/perf/TestContext.java', '/l/util.nightly/src/main/perf/IndexAndSearchOpenStreetMaps.java', '/l/util.nightly/src/main/perf/OpenDirectory.java', '/l/util.nightly/src/main/perf/StringFieldDocSelector.java', '/l/util.nightly/src/main/perf/SearchTaxis.java', '/l/util.nightly/src/main/perf/RemoteTaskSource.java', '/l/util.nightly/src/main/perf/SearchPerfTest.java', '/l/util.nightly/src/main/perf/KeepNoCommitsDeletionPolicy.java', '/l/util.nightly/src/main/perf/DiskUsage.java', '/l/util.nightly/src/main/perf/NRTPerfTest.java', '/l/util.nightly/src/main/perf/Indexer.java', '/l/util.nightly/src/main/perf/PKLookupWithTermStateTask.java', '/l/util.nightly/src/main/perf/IndexState.java', '/l/util.nightly/src/main/perf/VectorDictionary.java', '/l/util.nightly/src/main/perf/TaskParser.java', '/l/util.nightly/src/main/perf/IndexThreads.java', '/l/util.nightly/src/main/perf/SearchTask.java', '/l/util.nightly/src/main/perf/RespellTask.java', '/l/util.nightly/src/main/perf/TaskSource.java', '/l/util.nightly/src/main/perf/LineFileDocs.java', '/l/util.nightly/src/main/perf/CreateQueries.java', '/l/util.nightly/src/main/perf/RandomQuery.java', '/l/util.nightly/src/main/perf/PerfUtils.java', '/l/util.nightly/src/main/perf/Task.java', '/l/util.nightly/src/main/perf/LocalTaskSource.java', '/l/util.nightly/src/main/perf/IndexTaxis.java', '/l/util.nightly/src/main/perf/PointsPKLookupTask.java', '/l/util.nightly/src/main/perf/TaskThreads.java', '/l/util.nightly/src/main/perf/UnparsedTask.java', '/l/util.nightly/src/main/perf/Args.java', '/l/util.nightly/src/main/perf/TaskParserFactory.java', '/l/util.nightly/src/main/perf/StatisticsHelper.java', '/l/util.nightly/src/main/perf/BenchRearranger.java', '/l/util.nightly/src/main/perf/PKLookupTask.java', '/l/util.nightly/src/main/perf/OpenCloseIndexWriter.java']
compile: /usr/lib/jvm/java-24-openjdk/bin/javac -g -d /l/util.nightly/build -classpath /l/trunk.nightly/lucene/core/build/libs/lucene-core-11.0.0-SNAPSHOT.jar:/l/trunk.nightly/lucene/sandbox/build/classes/java/main:/l/trunk.nightly/lucene/misc/build/classes/java/main:/l/trunk.nightly/lucene/facet/build/classes/java/main:/l/trunk.nightly/lucene/analysis/common/build/classes/java/main:/l/trunk.nightly/lucene/analysis/icu/build/classes/java/main:/l/trunk.nightly/lucene/queryparser/build/classes/java/main:/l/trunk.nightly/lucene/grouping/build/classes/java/main:/l/trunk.nightly/lucene/suggest/build/classes/java/main:/l/trunk.nightly/lucene/highlighter/build/classes/java/main:/l/trunk.nightly/lucene/codecs/build/classes/java/main:/l/trunk.nightly/lucene/queries/build/classes/java/main:/l/trunk.nightly/lucene/join/build/classes/java/main:/l/trunk.nightly/lucene/spatial3d/build/classes/java/main:/l/util.nightly/lib/HdrHistogram.jar:/l/util.nightly/src/main/build/classes/java/main:/l/util.nightly/build /l/util.nightly/src/main/perf/TestContext.java /l/util.nightly/src/main/perf/IndexAndSearchOpenStreetMaps.java /l/util.nightly/src/main/perf/OpenDirectory.java /l/util.nightly/src/main/perf/StringFieldDocSelector.java /l/util.nightly/src/main/perf/SearchTaxis.java /l/util.nightly/src/main/perf/RemoteTaskSource.java /l/util.nightly/src/main/perf/SearchPerfTest.java /l/util.nightly/src/main/perf/KeepNoCommitsDeletionPolicy.java /l/util.nightly/src/main/perf/DiskUsage.java /l/util.nightly/src/main/perf/NRTPerfTest.java /l/util.nightly/src/main/perf/Indexer.java /l/util.nightly/src/main/perf/PKLookupWithTermStateTask.java /l/util.nightly/src/main/perf/IndexState.java /l/util.nightly/src/main/perf/VectorDictionary.java /l/util.nightly/src/main/perf/TaskParser.java /l/util.nightly/src/main/perf/IndexThreads.java /l/util.nightly/src/main/perf/SearchTask.java /l/util.nightly/src/main/perf/RespellTask.java /l/util.nightly/src/main/perf/TaskSource.java /l/util.nightly/src/main/perf/LineFileDocs.java /l/util.nightly/src/main/perf/CreateQueries.java /l/util.nightly/src/main/perf/RandomQuery.java /l/util.nightly/src/main/perf/PerfUtils.java /l/util.nightly/src/main/perf/Task.java /l/util.nightly/src/main/perf/LocalTaskSource.java /l/util.nightly/src/main/perf/IndexTaxis.java /l/util.nightly/src/main/perf/PointsPKLookupTask.java /l/util.nightly/src/main/perf/TaskThreads.java /l/util.nightly/src/main/perf/UnparsedTask.java /l/util.nightly/src/main/perf/Args.java /l/util.nightly/src/main/perf/TaskParserFactory.java /l/util.nightly/src/main/perf/StatisticsHelper.java /l/util.nightly/src/main/perf/BenchRearranger.java /l/util.nightly/src/main/perf/PKLookupTask.java /l/util.nightly/src/main/perf/OpenCloseIndexWriter.java
    run: ['/usr/lib/jvm/java-24-openjdk/bin/javac', '-g', '-d', '/l/util.nightly/build', '-classpath', '/l/trunk.nightly/lucene/core/build/libs/lucene-core-11.0.0-SNAPSHOT.jar:/l/trunk.nightly/lucene/sandbox/build/classes/java/main:/l/trunk.nightly/lucene/misc/build/classes/java/main:/l/trunk.nightly/lucene/facet/build/classes/java/main:/l/trunk.nightly/lucene/analysis/common/build/classes/java/main:/l/trunk.nightly/lucene/analysis/icu/build/classes/java/main:/l/trunk.nightly/lucene/queryparser/build/classes/java/main:/l/trunk.nightly/lucene/grouping/build/classes/java/main:/l/trunk.nightly/lucene/suggest/build/classes/java/main:/l/trunk.nightly/lucene/highlighter/build/classes/java/main:/l/trunk.nightly/lucene/codecs/build/classes/java/main:/l/trunk.nightly/lucene/queries/build/classes/java/main:/l/trunk.nightly/lucene/join/build/classes/java/main:/l/trunk.nightly/lucene/spatial3d/build/classes/java/main:/l/util.nightly/lib/HdrHistogram.jar:/l/util.nightly/src/main/build/classes/java/main:/l/util.nightly/build', '/l/util.nightly/src/main/perf/TestContext.java', '/l/util.nightly/src/main/perf/IndexAndSearchOpenStreetMaps.java', '/l/util.nightly/src/main/perf/OpenDirectory.java', '/l/util.nightly/src/main/perf/StringFieldDocSelector.java', '/l/util.nightly/src/main/perf/SearchTaxis.java', '/l/util.nightly/src/main/perf/RemoteTaskSource.java', '/l/util.nightly/src/main/perf/SearchPerfTest.java', '/l/util.nightly/src/main/perf/KeepNoCommitsDeletionPolicy.java', '/l/util.nightly/src/main/perf/DiskUsage.java', '/l/util.nightly/src/main/perf/NRTPerfTest.java', '/l/util.nightly/src/main/perf/Indexer.java', '/l/util.nightly/src/main/perf/PKLookupWithTermStateTask.java', '/l/util.nightly/src/main/perf/IndexState.java', '/l/util.nightly/src/main/perf/VectorDictionary.java', '/l/util.nightly/src/main/perf/TaskParser.java', '/l/util.nightly/src/main/perf/IndexThreads.java', '/l/util.nightly/src/main/perf/SearchTask.java', '/l/util.nightly/src/main/perf/RespellTask.java', '/l/util.nightly/src/main/perf/TaskSource.java', '/l/util.nightly/src/main/perf/LineFileDocs.java', '/l/util.nightly/src/main/perf/CreateQueries.java', '/l/util.nightly/src/main/perf/RandomQuery.java', '/l/util.nightly/src/main/perf/PerfUtils.java', '/l/util.nightly/src/main/perf/Task.java', '/l/util.nightly/src/main/perf/LocalTaskSource.java', '/l/util.nightly/src/main/perf/IndexTaxis.java', '/l/util.nightly/src/main/perf/PointsPKLookupTask.java', '/l/util.nightly/src/main/perf/TaskThreads.java', '/l/util.nightly/src/main/perf/UnparsedTask.java', '/l/util.nightly/src/main/perf/Args.java', '/l/util.nightly/src/main/perf/TaskParserFactory.java', '/l/util.nightly/src/main/perf/StatisticsHelper.java', '/l/util.nightly/src/main/perf/BenchRearranger.java', '/l/util.nightly/src/main/perf/PKLookupTask.java', '/l/util.nightly/src/main/perf/OpenCloseIndexWriter.java'], cwd=/l/trunk.nightly/lucene/benchmark
/l/util.nightly/src/main/perf/CreateQueries.java:70: error: no suitable constructor found for PriorityQueue(int)
      super(maxSize);
      ^
    constructor PriorityQueue.PriorityQueue(int,LessThan<? super TermFreq>) is not applicable
      (actual and formal argument lists differ in length)
    constructor PriorityQueue.PriorityQueue(int,LessThan<? super TermFreq>,Supplier<TermFreq>) is not applicable
      (actual and formal argument lists differ in length)
/l/util.nightly/src/main/perf/CreateQueries.java:73: error: method does not override or implement a method from a supertype
    @Override
    ^
Note: Some input files use or override a deprecated API.
Note: Recompile with -Xlint:deprecation for details.
Note: /l/util.nightly/src/main/perf/SearchTask.java uses unchecked or unsafe operations.
Note: Recompile with -Xlint:unchecked for details.
2 errors

Traceback (most recent call last):
  File "/l/util.nightly/src/python/nightlyBench.py", line 2081, in <module>
    run()
    ~~~^^
  File "/l/util.nightly/src/python/nightlyBench.py", line 553, in run
    r.compile(c)
    ~~~~~~~~~^^^
  File "/l/util.nightly/src/python/benchUtil.py", line 1121, in compile
    competitor.compile(cp)
    ~~~~~~~~~~~~~~~~~~^^^^
  File "/l/util.nightly/src/python/competition.py", line 419, in compile
    benchUtil.run(cmd, os.path.join(constants.LOGS_DIR, "compile.log"))
    ~~~~~~~~~~~~~^^^^^^^^^^^^^^^^^^^^^^^^^^^^^^^^^^^^^^^^^^^^^^^^^^^^^^
  File "/l/util.nightly/src/python/benchUtil.py", line 880, in run
    raise RuntimeError("failed: %s [wd %s]; see logFile %s" % (cmd, os.getcwd(), logFile))
RuntimeError: failed: ['/usr/lib/jvm/java-24-openjdk/bin/javac', '-g', '-d', '/l/util.nightly/build', '-classpath', '/l/trunk.nightly/lucene/core/build/libs/lucene-core-11.0.0-SNAPSHOT.jar:/l/trunk.nightly/lucene/sandbox/build/classes/java/main:/l/trunk.nightly/lucene/misc/build/classes/java/main:/l/trunk.nightly/lucene/facet/build/classes/java/main:/l/trunk.nightly/lucene/analysis/common/build/classes/java/main:/l/trunk.nightly/lucene/analysis/icu/build/classes/java/main:/l/trunk.nightly/lucene/queryparser/build/classes/java/main:/l/trunk.nightly/lucene/grouping/build/classes/java/main:/l/trunk.nightly/lucene/suggest/build/classes/java/main:/l/trunk.nightly/lucene/highlighter/build/classes/java/main:/l/trunk.nightly/lucene/codecs/build/classes/java/main:/l/trunk.nightly/lucene/queries/build/classes/java/main:/l/trunk.nightly/lucene/join/build/classes/java/main:/l/trunk.nightly/lucene/spatial3d/build/classes/java/main:/l/util.nightly/lib/HdrHistogram.jar:/l/util.nightly/src/main/build/classes/java/main:/l/util.nightly/build', '/l/util.nightly/src/main/perf/TestContext.java', '/l/util.nightly/src/main/perf/IndexAndSearchOpenStreetMaps.java', '/l/util.nightly/src/main/perf/OpenDirectory.java', '/l/util.nightly/src/main/perf/StringFieldDocSelector.java', '/l/util.nightly/src/main/perf/SearchTaxis.java', '/l/util.nightly/src/main/perf/RemoteTaskSource.java', '/l/util.nightly/src/main/perf/SearchPerfTest.java', '/l/util.nightly/src/main/perf/KeepNoCommitsDeletionPolicy.java', '/l/util.nightly/src/main/perf/DiskUsage.java', '/l/util.nightly/src/main/perf/NRTPerfTest.java', '/l/util.nightly/src/main/perf/Indexer.java', '/l/util.nightly/src/main/perf/PKLookupWithTermStateTask.java', '/l/util.nightly/src/main/perf/IndexState.java', '/l/util.nightly/src/main/perf/VectorDictionary.java', '/l/util.nightly/src/main/perf/TaskParser.java', '/l/util.nightly/src/main/perf/IndexThreads.java', '/l/util.nightly/src/main/perf/SearchTask.java', '/l/util.nightly/src/main/perf/RespellTask.java', '/l/util.nightly/src/main/perf/TaskSource.java', '/l/util.nightly/src/main/perf/LineFileDocs.java', '/l/util.nightly/src/main/perf/CreateQueries.java', '/l/util.nightly/src/main/perf/RandomQuery.java', '/l/util.nightly/src/main/perf/PerfUtils.java', '/l/util.nightly/src/main/perf/Task.java', '/l/util.nightly/src/main/perf/LocalTaskSource.java', '/l/util.nightly/src/main/perf/IndexTaxis.java', '/l/util.nightly/src/main/perf/PointsPKLookupTask.java', '/l/util.nightly/src/main/perf/TaskThreads.java', '/l/util.nightly/src/main/perf/UnparsedTask.java', '/l/util.nightly/src/main/perf/Args.java', '/l/util.nightly/src/main/perf/TaskParserFactory.java', '/l/util.nightly/src/main/perf/StatisticsHelper.java', '/l/util.nightly/src/main/perf/BenchRearranger.java', '/l/util.nightly/src/main/perf/PKLookupTask.java', '/l/util.nightly/src/main/perf/OpenCloseIndexWriter.java'] [wd /l/trunk.nightly/lucene/benchmark]; see logFile /l/logs.nightly/compile.log
Traceback (most recent call last):
  File "/l/util.nightly/src/python/nightlyBench.py", line 2081, in <module>
    run()
    ~~~^^
  File "/l/util.nightly/src/python/nightlyBench.py", line 553, in run
    r.compile(c)
    ~~~~~~~~~^^^
  File "/l/util.nightly/src/python/benchUtil.py", line 1121, in compile
    competitor.compile(cp)
    ~~~~~~~~~~~~~~~~~~^^^^
  File "/l/util.nightly/src/python/competition.py", line 419, in compile
    benchUtil.run(cmd, os.path.join(constants.LOGS_DIR, "compile.log"))
    ~~~~~~~~~~~~~^^^^^^^^^^^^^^^^^^^^^^^^^^^^^^^^^^^^^^^^^^^^^^^^^^^^^^
  File "/l/util.nightly/src/python/benchUtil.py", line 880, in run
    raise RuntimeError("failed: %s [wd %s]; see logFile %s" % (cmd, os.getcwd(), logFile))
RuntimeError: failed: ['/usr/lib/jvm/java-24-openjdk/bin/javac', '-g', '-d', '/l/util.nightly/build', '-classpath', '/l/trunk.nightly/lucene/core/build/libs/lucene-core-11.0.0-SNAPSHOT.jar:/l/trunk.nightly/lucene/sandbox/build/classes/java/main:/l/trunk.nightly/lucene/misc/build/classes/java/main:/l/trunk.nightly/lucene/facet/build/classes/java/main:/l/trunk.nightly/lucene/analysis/common/build/classes/java/main:/l/trunk.nightly/lucene/analysis/icu/build/classes/java/main:/l/trunk.nightly/lucene/queryparser/build/classes/java/main:/l/trunk.nightly/lucene/grouping/build/classes/java/main:/l/trunk.nightly/lucene/suggest/build/classes/java/main:/l/trunk.nightly/lucene/highlighter/build/classes/java/main:/l/trunk.nightly/lucene/codecs/build/classes/java/main:/l/trunk.nightly/lucene/queries/build/classes/java/main:/l/trunk.nightly/lucene/join/build/classes/java/main:/l/trunk.nightly/lucene/spatial3d/build/classes/java/main:/l/util.nightly/lib/HdrHistogram.jar:/l/util.nightly/src/main/build/classes/java/main:/l/util.nightly/build', '/l/util.nightly/src/main/perf/TestContext.java', '/l/util.nightly/src/main/perf/IndexAndSearchOpenStreetMaps.java', '/l/util.nightly/src/main/perf/OpenDirectory.java', '/l/util.nightly/src/main/perf/StringFieldDocSelector.java', '/l/util.nightly/src/main/perf/SearchTaxis.java', '/l/util.nightly/src/main/perf/RemoteTaskSource.java', '/l/util.nightly/src/main/perf/SearchPerfTest.java', '/l/util.nightly/src/main/perf/KeepNoCommitsDeletionPolicy.java', '/l/util.nightly/src/main/perf/DiskUsage.java', '/l/util.nightly/src/main/perf/NRTPerfTest.java', '/l/util.nightly/src/main/perf/Indexer.java', '/l/util.nightly/src/main/perf/PKLookupWithTermStateTask.java', '/l/util.nightly/src/main/perf/IndexState.java', '/l/util.nightly/src/main/perf/VectorDictionary.java', '/l/util.nightly/src/main/perf/TaskParser.java', '/l/util.nightly/src/main/perf/IndexThreads.java', '/l/util.nightly/src/main/perf/SearchTask.java', '/l/util.nightly/src/main/perf/RespellTask.java', '/l/util.nightly/src/main/perf/TaskSource.java', '/l/util.nightly/src/main/perf/LineFileDocs.java', '/l/util.nightly/src/main/perf/CreateQueries.java', '/l/util.nightly/src/main/perf/RandomQuery.java', '/l/util.nightly/src/main/perf/PerfUtils.java', '/l/util.nightly/src/main/perf/Task.java', '/l/util.nightly/src/main/perf/LocalTaskSource.java', '/l/util.nightly/src/main/perf/IndexTaxis.java', '/l/util.nightly/src/main/perf/PointsPKLookupTask.java', '/l/util.nightly/src/main/perf/TaskThreads.java', '/l/util.nightly/src/main/perf/UnparsedTask.java', '/l/util.nightly/src/main/perf/Args.java', '/l/util.nightly/src/main/perf/TaskParserFactory.java', '/l/util.nightly/src/main/perf/StatisticsHelper.java', '/l/util.nightly/src/main/perf/BenchRearranger.java', '/l/util.nightly/src/main/perf/PKLookupTask.java', '/l/util.nightly/src/main/perf/OpenCloseIndexWriter.java'] [wd /l/trunk.nightly/lucene/benchmark]; see logFile /l/logs.nightly/compile.log

During handling of the above exception, another exception occurred:

Traceback (most recent call last):
  File "/l/util.nightly/src/python/nightlyBench.py", line 2088, in <module>
    sendEmail("mail@mikemccandless.com", "Nightly Lucene bench FAILED (%s)" % socket.gethostname(), "")
    ~~~~~~~~~^^^^^^^^^^^^^^^^^^^^^^^^^^^^^^^^^^^^^^^^^^^^^^^^^^^^^^^^^^^^^^^^^^^^^^^^^^^^^^^^^^^^^^^^^^
  File "/l/util.nightly/src/python/nightlyBench.py", line 2074, in sendEmail
    p = Popen(["/usr/sbin/sendmail", "-t"], stdin=PIPE)
  File "/usr/lib/python3.13/subprocess.py", line 1039, in __init__
    self._execute_child(args, executable, preexec_fn, close_fds,
    ~~~~~~~~~~~~~~~~~~~^^^^^^^^^^^^^^^^^^^^^^^^^^^^^^^^^^^^^^^^^
                        pass_fds, cwd, env,
                        ^^^^^^^^^^^^^^^^^^^
    ...<5 lines>...
                        gid, gids, uid, umask,
                        ^^^^^^^^^^^^^^^^^^^^^^
                        start_new_session, process_group)
                        ^^^^^^^^^^^^^^^^^^^^^^^^^^^^^^^^^
  File "/usr/lib/python3.13/subprocess.py", line 1854, in _execute_child
    self._posix_spawn(args, executable, env, restore_signals, close_fds,
    ~~~~~~~~~~~~~~~~~^^^^^^^^^^^^^^^^^^^^^^^^^^^^^^^^^^^^^^^^^^^^^^^^^^^
                      p2cread, p2cwrite,
                      ^^^^^^^^^^^^^^^^^^
                      c2pread, c2pwrite,
                      ^^^^^^^^^^^^^^^^^^
                      errread, errwrite)
                      ^^^^^^^^^^^^^^^^^^
  File "/usr/lib/python3.13/subprocess.py", line 1798, in _posix_spawn
    self.pid = os.posix_spawn(executable, args, env, **kwargs)
               ~~~~~~~~~~~~~~^^^^^^^^^^^^^^^^^^^^^^^^^^^^^^^^^
FileNotFoundError: [Errno 2] No such file or directory: '/usr/sbin/sendmail'
+ cp /l/logs.nightly/all.log /l/reports.nightly
